MCP233.cpp:9:1:MCP233::MCP233(uint8_t, UART_HandleTypeDef&)	24	static
MCP233.cpp:13:6:void MCP233::crc_clear()	16	static
MCP233.cpp:17:6:void MCP233::crc_update(uint8_t)	24	static
MCP233.cpp:28:10:uint16_t MCP233::crc_get()	16	static
MCP233.cpp:32:6:)	36	static
MCP233.cpp:52:6:void MCP233::write_(uint8_t, uint8_t, bool, bool)	40	static
MCP233.cpp:73:10:uint16_t MCP233::crc16(uint8_t*, int)	40	static
MCP233.cpp:88:9:uint8_t MCP233::read_()	24	static
MCP233.cpp:96:6:void MCP233::drive_forward_M1(int)	24	static
MCP233.cpp:102:6:void MCP233::drive_backward_M1(int)	24	static
MCP233.cpp:108:6:void MCP233::drive_forward_M2(int)	24	static
MCP233.cpp:114:6:void MCP233::drive_backward_M2(int)	24	static
MCP233.cpp:120:6:void MCP233::drive_forward(int)	24	static
MCP233.cpp:126:6:void MCP233::drive_backward(int)	24	static
MCP233.cpp:132:6:void MCP233::read_firmware_version()	24	static
MCP233.cpp:136:9:int32_t MCP233::read_encoder_count_M1()	48	static
MCP233.cpp:159:9:int32_t MCP233::read_encoder_count_M2()	48	static
MCP233.cpp:182:9:int32_t MCP233::read_encoder_speed_M1()	40	static
MCP233.cpp:204:9:int32_t MCP233::read_encoder_speed_M2()	40	static
MCP233.cpp:226:6:void MCP233::reset_encoder_counts()	16	static
MCP233.cpp:232:6:void MCP233::drive_speed_distance_M1(int32_t, int32_t, bool)	88	static
MCP233.cpp:238:6:void MCP233::drive_speed_distance_M2(int32_t, int32_t, bool)	88	static
MCP233.cpp:244:6:void MCP233::drive_speed_distance(int32_t, int32_t, int32_t, int32_t, bool)	152	static
MCP233.cpp:250:6:void MCP233::drive_speed_accel_distance_M1(int32_t, int32_t, int32_t, bool)	120	static
MCP233.cpp:256:6:void MCP233::drive_speed_accel_distance_M2(int32_t, int32_t, int32_t, bool)	120	static
MCP233.cpp:262:6:void MCP233::drive_speed_accel_distance(int32_t, int32_t, int32_t, int32_t, int32_t, bool)	184	static
MCP233.cpp:269:6:void MCP233::drive_speed_accel_deccel_position_M1(int32_t, int32_t, int32_t, int32_t, bool)	152	static
MCP233.cpp:275:6:void MCP233::drive_speed_accel_deccel_position_M2(int32_t, int32_t, int32_t, int32_t, bool)	152	static
MCP233.cpp:281:6:void MCP233::drive_speed_accel_deccel_position(int32_t, int32_t, int32_t, int32_t, int32_t, int32_t, int32_t, int32_t, bool)	280	static
